// Jest Snapshot v1, https://goo.gl/fbAQLP

exports[`Test for android platform throws error when task not found: gradleNoTask 1`] = `"Unexpected error: Gradle failed with status code 1"`;
